src/components/AppContent.tsx(488,21): error TS2322: Type '{ processedAssets: Asset[]; folders: Folder[]; activeFolderId: number | null; setActiveFolderId: Dispatch<SetStateAction<number | null>>; ... 31 more ...; setVisibleColumns: (cols: Set<...>) => void; }' is not assignable to type 'IntrinsicAttributes & AssetsViewProps'.
  Property 'onContextMenu' does not exist on type 'IntrinsicAttributes & AssetsViewProps'.
src/components/assets/__tests__/AssetContext.test.tsx(3,55): error TS2307: Cannot find module '../../context/AssetContext' or its corresponding type declarations.
src/components/assets/__tests__/AssetContext.test.tsx(5,1): error TS2582: Cannot find name 'describe'. Do you need to install type definitions for a test runner? Try `npm i --save-dev @types/jest` or `npm i --save-dev @types/mocha`.
src/components/assets/__tests__/AssetContext.test.tsx(7,37): error TS6133: 'dispatch' is declared but its value is never read.
src/components/assets/__tests__/AssetContext.test.tsx(17,3): error TS2582: Cannot find name 'it'. Do you need to install type definitions for a test runner? Try `npm i --save-dev @types/jest` or `npm i --save-dev @types/mocha`.
src/components/assets/__tests__/AssetContext.test.tsx(24,5): error TS2304: Cannot find name 'expect'.
src/components/assets/__tests__/AssetContext.test.tsx(25,5): error TS2304: Cannot find name 'expect'.
src/components/assets/__tests__/AssetContext.test.tsx(26,5): error TS2304: Cannot find name 'expect'.
src/components/assets/__tests__/AssetContext.test.tsx(29,3): error TS2582: Cannot find name 'it'. Do you need to install type definitions for a test runner? Try `npm i --save-dev @types/jest` or `npm i --save-dev @types/mocha`.
src/components/assets/__tests__/AssetContext.test.tsx(33,3): error TS2582: Cannot find name 'it'. Do you need to install type definitions for a test runner? Try `npm i --save-dev @types/jest` or `npm i --save-dev @types/mocha`.
src/components/assets/__tests__/AssetsContainer.test.tsx(4,23): error TS2307: Cannot find module '../../types' or its corresponding type declarations.
src/components/assets/__tests__/AssetsContainer.test.tsx(6,1): error TS2582: Cannot find name 'describe'. Do you need to install type definitions for a test runner? Try `npm i --save-dev @types/jest` or `npm i --save-dev @types/mocha`.
src/components/assets/__tests__/AssetsContainer.test.tsx(7,9): error TS6133: 'mockAssets' is declared but its value is never read.
src/components/assets/__tests__/AssetsContainer.test.tsx(25,3): error TS2582: Cannot find name 'it'. Do you need to install type definitions for a test runner? Try `npm i --save-dev @types/jest` or `npm i --save-dev @types/mocha`.
src/components/assets/__tests__/AssetsContainer.test.tsx(36,5): error TS2304: Cannot find name 'expect'.
src/components/assets/__tests__/AssetsContainer.test.tsx(39,3): error TS2582: Cannot find name 'it'. Do you need to install type definitions for a test runner? Try `npm i --save-dev @types/jest` or `npm i --save-dev @types/mocha`.
src/components/assets/__tests__/AssetsContainer.test.tsx(43,3): error TS2582: Cannot find name 'it'. Do you need to install type definitions for a test runner? Try `npm i --save-dev @types/jest` or `npm i --save-dev @types/mocha`.
src/components/assets/__tests__/AssetsSidebar.test.tsx(1,1): error TS6133: 'React' is declared but its value is never read.
src/components/assets/__tests__/AssetsSidebar.test.tsx(4,52): error TS2307: Cannot find module '../../types' or its corresponding type declarations.
src/components/assets/__tests__/AssetsSidebar.test.tsx(6,1): error TS2582: Cannot find name 'describe'. Do you need to install type definitions for a test runner? Try `npm i --save-dev @types/jest` or `npm i --save-dev @types/mocha`.
src/components/assets/__tests__/AssetsSidebar.test.tsx(16,24): error TS2708: Cannot use namespace 'jest' as a value.
src/components/assets/__tests__/AssetsSidebar.test.tsx(18,26): error TS2708: Cannot use namespace 'jest' as a value.
src/components/assets/__tests__/AssetsSidebar.test.tsx(21,14): error TS2708: Cannot use namespace 'jest' as a value.
src/components/assets/__tests__/AssetsSidebar.test.tsx(22,18): error TS2708: Cannot use namespace 'jest' as a value.
src/components/assets/__tests__/AssetsSidebar.test.tsx(23,21): error TS2708: Cannot use namespace 'jest' as a value.
src/components/assets/__tests__/AssetsSidebar.test.tsx(26,3): error TS2582: Cannot find name 'it'. Do you need to install type definitions for a test runner? Try `npm i --save-dev @types/jest` or `npm i --save-dev @types/mocha`.
src/components/assets/__tests__/AssetsSidebar.test.tsx(28,5): error TS2304: Cannot find name 'expect'.
src/components/assets/__tests__/AssetsSidebar.test.tsx(31,3): error TS2582: Cannot find name 'it'. Do you need to install type definitions for a test runner? Try `npm i --save-dev @types/jest` or `npm i --save-dev @types/mocha`.
src/components/assets/__tests__/AssetsSidebar.test.tsx(36,3): error TS2582: Cannot find name 'it'. Do you need to install type definitions for a test runner? Try `npm i --save-dev @types/jest` or `npm i --save-dev @types/mocha`.
src/components/assets/__tests__/AssetsTable.test.tsx(1,1): error TS6133: 'React' is declared but its value is never read.
src/components/assets/__tests__/AssetsTable.test.tsx(4,23): error TS2307: Cannot find module '../../types' or its corresponding type declarations.
src/components/assets/__tests__/AssetsTable.test.tsx(6,1): error TS2582: Cannot find name 'describe'. Do you need to install type definitions for a test runner? Try `npm i --save-dev @types/jest` or `npm i --save-dev @types/mocha`.
src/components/assets/__tests__/AssetsTable.test.tsx(28,24): error TS2708: Cannot use namespace 'jest' as a value.
src/components/assets/__tests__/AssetsTable.test.tsx(30,16): error TS2708: Cannot use namespace 'jest' as a value.
src/components/assets/__tests__/AssetsTable.test.tsx(33,14): error TS2708: Cannot use namespace 'jest' as a value.
src/components/assets/__tests__/AssetsTable.test.tsx(34,19): error TS2708: Cannot use namespace 'jest' as a value.
src/components/assets/__tests__/AssetsTable.test.tsx(35,24): error TS2708: Cannot use namespace 'jest' as a value.
src/components/assets/__tests__/AssetsTable.test.tsx(36,25): error TS2708: Cannot use namespace 'jest' as a value.
src/components/assets/__tests__/AssetsTable.test.tsx(37,29): error TS2708: Cannot use namespace 'jest' as a value.
src/components/assets/__tests__/AssetsTable.test.tsx(38,25): error TS2708: Cannot use namespace 'jest' as a value.
src/components/assets/__tests__/AssetsTable.test.tsx(41,3): error TS2582: Cannot find name 'it'. Do you need to install type definitions for a test runner? Try `npm i --save-dev @types/jest` or `npm i --save-dev @types/mocha`.
src/components/assets/__tests__/AssetsTable.test.tsx(42,13): error TS2740: Type '{ assets: Asset[]; selectedAssets: never[]; setSelectedAssets: any; activeFolderId: null; setFilter: any; filter: string; sort: { column: string; direction: string; }; setSort: any; onAssetClick: any; onAssetRightClick: any; onAssetDoubleClick: any; onAssetSelectionChange: any; onAssetContextMenu: any; }' is missing the following properties from type 'AssetsTableProps': selectedIds, onMouseDown, onSort, sortConfig, and 4 more.
src/components/assets/__tests__/AssetsTable.test.tsx(43,5): error TS2304: Cannot find name 'expect'.
src/components/assets/__tests__/AssetsTable.test.tsx(46,3): error TS2582: Cannot find name 'it'. Do you need to install type definitions for a test runner? Try `npm i --save-dev @types/jest` or `npm i --save-dev @types/mocha`.
src/components/assets/__tests__/AssetsTable.test.tsx(47,13): error TS2740: Type '{ assets: Asset[]; selectedAssets: never[]; setSelectedAssets: any; activeFolderId: null; setFilter: any; filter: string; sort: { column: string; direction: string; }; setSort: any; onAssetClick: any; onAssetRightClick: any; onAssetDoubleClick: any; onAssetSelectionChange: any; onAssetContextMenu: any; }' is missing the following properties from type 'AssetsTableProps': selectedIds, onMouseDown, onSort, sortConfig, and 4 more.
src/components/assets/__tests__/AssetsTable.test.tsx(51,3): error TS2582: Cannot find name 'it'. Do you need to install type definitions for a test runner? Try `npm i --save-dev @types/jest` or `npm i --save-dev @types/mocha`.
src/components/assets/__tests__/AssetsTable.test.tsx(52,13): error TS2740: Type '{ assets: Asset[]; selectedAssets: never[]; setSelectedAssets: any; activeFolderId: null; setFilter: any; filter: string; sort: { column: string; direction: string; }; setSort: any; onAssetClick: any; onAssetRightClick: any; onAssetDoubleClick: any; onAssetSelectionChange: any; onAssetContextMenu: any; }' is missing the following properties from type 'AssetsTableProps': selectedIds, onMouseDown, onSort, sortConfig, and 4 more.
src/components/assets/__tests__/AssetsView.test.tsx(1,1): error TS6133: 'React' is declared but its value is never read.
src/components/assets/__tests__/AssetsView.test.tsx(5,1): error TS2582: Cannot find name 'describe'. Do you need to install type definitions for a test runner? Try `npm i --save-dev @types/jest` or `npm i --save-dev @types/mocha`.
src/components/assets/__tests__/AssetsView.test.tsx(6,3): error TS2582: Cannot find name 'it'. Do you need to install type definitions for a test runner? Try `npm i --save-dev @types/jest` or `npm i --save-dev @types/mocha`.
src/components/assets/__tests__/AssetsView.test.tsx(7,13): error TS2740: Type '{}' is missing the following properties from type 'AssetsViewProps': processedAssets, folders, activeFolderId, setActiveFolderId, and 30 more.
src/components/assets/__tests__/AssetsView.test.tsx(8,5): error TS2304: Cannot find name 'expect'.
src/components/assets/__tests__/AssetsView.test.tsx(11,3): error TS2582: Cannot find name 'it'. Do you need to install type definitions for a test runner? Try `npm i --save-dev @types/jest` or `npm i --save-dev @types/mocha`.
src/components/assets/__tests__/AssetsView.test.tsx(15,3): error TS2582: Cannot find name 'it'. Do you need to install type definitions for a test runner? Try `npm i --save-dev @types/jest` or `npm i --save-dev @types/mocha`.
src/components/assets/AssetsContainer.tsx(2,17): error TS6133: 'Folder' is declared but its value is never read.
src/components/assets/AssetsContainer.tsx(3,1): error TS6133: 'invoke' is declared but its value is never read.
src/components/assets/AssetsContainer.tsx(4,32): error TS2307: Cannot find module '../common/DebugConsole' or its corresponding type declarations.
src/components/assets/AssetsContainer.tsx(15,10): error TS6133: 'processedAssets' is declared but its value is never read.
src/components/assets/AssetsContainer.tsx(16,10): error TS6133: 'isLoading' is declared but its value is never read.
src/components/assets/AssetsContainer.tsx(29,41): error TS2345: Argument of type 'Asset[] | undefined' is not assignable to parameter of type 'Asset[]'.
  Type 'undefined' is not assignable to type 'Asset[]'.
src/components/assets/AssetsErrorBoundary.tsx(1,8): error TS6133: 'React' is declared but its value is never read.
src/components/assets/AssetsSidebar.tsx(2,10): error TS6133: 'Asset' is declared but its value is never read.
src/components/assets/AssetsSidebar.tsx(3,1): error TS6133: 'useApp' is declared but its value is never read.
src/components/assets/AssetsView.tsx(10,37): error TS6133: 'X' is declared but its value is never read.
src/components/assets/AssetsView.tsx(78,3): error TS6133: 'setVisibleColumns' is declared but its value is never read.
src/components/assets/AssetsView.tsx(91,3): error TS6133: 'onPurge' is declared but its value is never read.
src/components/assets/AssetsView.tsx(94,3): error TS6133: 'onAnalyzeFlow' is declared but its value is never read.
src/components/common/EmptyState.tsx(95,18): error TS2604: JSX element type 'Icon' does not have any construct or call signatures.
src/components/common/EmptyState.tsx(95,18): error TS2786: 'Icon' cannot be used as a JSX component.
  Its type 'LucideIcon | undefined' is not a valid JSX element type.
    Type 'undefined' is not assignable to type 'ElementType'.
src/components/common/LoadingState.tsx(2,43): error TS6133: 'AlertCircle' is declared but its value is never read.
src/components/table/SmartTable.tsx(7,3): error TS6133: 'ArrowUpDown' is declared but its value is never read.
src/components/table/SmartTable.tsx(54,3): error TS6133: 'emptyMessage' is declared but its value is never read.
src/components/table/SmartTable.tsx(85,9): error TS6133: 'estimatedTotalHeight' is declared but its value is never read.
src/components/table/SmartTable.tsx(151,9): error TS6133: 'startResizing' is declared but its value is never read.
src/components/table/SmartTable.tsx(187,9): error TS6133: 'autoResizeColumn' is declared but its value is never read.
src/components/workbench/WorkbenchView.tsx(45,5): error TS2300: Duplicate identifier 'onToggleProxy'.
src/components/workbench/WorkbenchView.tsx(46,5): error TS2300: Duplicate identifier 'onToggleProxy'.
src/context/AppContext.tsx(88,30): error TS2322: Type '{ sortConfig: SortConfig<Asset> | null; handleSort: (key: keyof Asset) => void; sortedAssets: Asset[]; handleAssetMouseDown: (id: number, e: React.MouseEvent) => void; ... 35 more ...; handleContextMenu: (id: number, e: React.MouseEvent) => void; }' is not assignable to type 'AppContextType'.
  The types returned by 'loadAssets()' are incompatible between these types.
    Type 'Promise<Asset[] | undefined>' is not assignable to type 'Promise<Asset[]>'.
      Type 'Asset[] | undefined' is not assignable to type 'Asset[]'.
        Type 'undefined' is not assignable to type 'Asset[]'.
src/context/AssetContext.tsx(4,32): error TS2307: Cannot find module '../components/common/DebugConsole' or its corresponding type declarations.
src/context/AssetContext.tsx(94,22): error TS2304: Cannot find name 'useCallback'.
src/context/AssetContext.tsx(115,23): error TS2304: Cannot find name 'useCallback'.
src/context/AssetContext.tsx(124,23): error TS2304: Cannot find name 'useCallback'.
src/context/AssetContext.tsx(128,32): error TS2304: Cannot find name 'useCallback'.
src/context/AssetContext.tsx(159,29): error TS2304: Cannot find name 'useCallback'.
src/hooks/__tests__/useAssetApi.test.ts(2,27): error TS6133: 'waitFor' is declared but its value is never read.
src/hooks/__tests__/useAssetApi.test.ts(162,24): error TS2339: Property 'successful' does not exist on type 'never'.
src/hooks/useAssetApi.ts(64,9): error TS6133: 'abortControllers' is declared but its value is never read.
src/hooks/useAssetData.ts(68,45): error TS7006: Parameter 'a' implicitly has an 'any' type.
src/hooks/useDragAndDrop.ts(34,5): error TS6133: 'dragItemType' is declared but its value is never read.
src/test/setup.ts(13,30): error TS7017: Element implicitly has an 'any' type because type 'typeof globalThis' has no index signature.
src/test/setup.ts(13,45): error TS6133: 'cb' is declared but its value is never read.
src/utils/__tests__/exportUtils.test.ts(7,3): error TS6133: 'ExportFormat' is declared but its value is never read.
src/utils/__tests__/exportUtils.test.ts(8,3): error TS6133: 'ExportScope' is declared but its value is never read.
src/utils/assetUtils.tsx(212,40): error TS6133: 'filters' is declared but its value is never read.
src/utils/assetUtils.tsx(213,25): error TS6133: 'asset' is declared but its value is never read.
src/utils/assetUtils.tsx(219,28): error TS6133: 'assets' is declared but its value is never read.
src/utils/assetUtils.tsx(224,42): error TS6133: 'filter' is declared but its value is never read.
src/utils/assetUtils.tsx(230,24): error TS6133: 'asset' is declared but its value is never read.
src/utils/assetUtils.tsx(240,25): error TS6133: 'asset' is declared but its value is never read.
src/workers/assetWorker.ts(29,23): error TS6133: 'query' is declared but its value is never read.
src/workers/assetWorker.ts(32,11): error TS7034: Variable 'results' implicitly has type 'any[]' in some locations where its type cannot be determined.
src/workers/assetWorker.ts(33,57): error TS7005: Variable 'results' implicitly has an 'any[]' type.
src/workers/assetWorker.ts(42,41): error TS7006: Parameter 'sum' implicitly has an 'any' type.
src/workers/assetWorker.ts(42,46): error TS7006: Parameter 'finding' implicitly has an 'any' type.
